bash-3.2$ ./EX4
DAY              CLOSING TIME

Sunday             1pm
Monday             6pm
Tuesday            6pm
Wednesday          8pm
Thursday           6pm
Friday             6pm
Saturday           5pm
bash-3.2$ ./EX5
CHARACTER                   OCCURRENCES
a      12b      12c      12d      12e      12f      12g      12h      12i      12j      12k      12l      12m      12n      12o      12p      12q      12r      12s      12t      12u      12v      12w      12x      12y      12z      12bash-3.2$ 
bash-3.2$ ./EX5
CHARACTER                   OCCURRENCES
a      12
b      12
c      12
d      12
e      12
f      12
g      12
h      12
i      12
j      12
k      12
l      12
m      12
n      12
o      12
p      12
q      12
r      12
s      12
t      12
u      12
v      12
w      12
x      12
y      12
z      12
bash-3.2$ ./EX5
CHARACTER                   OCCURRENCES
a                                    12
b                                    12
c                                    12
d                                    12
e                                    12
f                                    12
g                                    12
h                                    12
i                                    12
j                                    12
k                                    12
l                                    12
m                                    12
n                                    12
o                                    12
p                                    12
q                                    12
r                                    12
s                                    12
t                                    12
u                                    12
v                                    12
w                                    12
x                                    12
y                                    12
z                                    12
bash-3.2$ ./EX5
CHARACTER                   OCCURRENCES
a                          12
b                          12
c                          12
d                          12
e                          12
f                          12
g                          12
h                          12
i                          12
j                          12
k                          12
l                          12
m                          12
n                          12
o                          12
p                          12
q                          12
r                          12
s                          12
t                          12
u                          12
v                          12
w                          12
x                          12
y                          12
z                          12
bash-3.2$ ./EX5
CHARACTER               OCCURRENCES
a                       13
b                       13
c                       13
d                       13
e                       13
f                       13
g                       13
h                       13
i                       13
j                       13
k                       13
l                       13
m                       13
n                       13
o                       13
p                       13
q                       13
r                       13
s                       13
t                       13
u                       13
v                       13
w                       13
x                       13
y                       13
z                       13
bash-3.2$ ./EX5
CHARACTER               OCCURRENCES
a1091091099910510910911410939109114109109                      464
b                      464
c                      464
d                      464
e                      464
f                      464
g                      464
h                      464
i                      464
j                      464
k                      464
l                      464
m                      464
n                      464
o                      464
p                      464
q                      464
r                      464
s                      464
t                      464
u                      464
v                      464
w                      464
x                      464
y                      464
z                      464
bash-3.2$ ./ex5
CHARACTER               OCCURRENCES
a35110108100321051151149762351101081003210211610110910115110329710111299321165910511610910540101032102116101109105115114975932999732101116114103211032445932991173260347282676934103211111611910010450411032111116603279678269678332601011005932105115114974611211034120461123459321021144010111611461393932323259108116101326139393210111611443103232103232321111166032101116114103232321041084010511511497461114041932103299117326010511511497461014059323293210210811610132614010411410511511497461014041932324359910323232111116119100104504110323232111116603232601011005932321251010                        6
b                        6
c                        6
d                        6
e                        6
f                        6
g                        6
h                        6
i                        6
j                        6
k                        6
l                        6
m                        6
n                        6
o                        6
p                        6
q                        6
r                        6
s                        6
t                        6
u                        6
v                        6
w                        6
x                        6
y                        6
z                        6
bash-3.2$ ./EX5
CHARACTER               OCCURRENCES
a35110108100321051151149762351101081003210211610110910115110329710111299321165910511610910540101032102116101109105115114975932999732101116114103211032445932991173260347282676934103211111611910010450411032111116603279678269678332601011005932105115114974611211034120461123459321021144010111611461393932323259108116101326139393210111611443103232103232321111166032101116114103232321041084010511511497461114041932103299117326010511511497461014059323293210210811610132614010411410511511497461014041932324359910323232111116119100104504110323232111116603232601011005932321251010                        6
b                        6
c                        6
d                        6
e                        6
f                        6
g                        6
h                        6
i                        6
j                        6
k                        6
l                        6
m                        6
n                        6
o                        6
p                        6
q                        6
r                        6
s                        6
t                        6
u                        6
v                        6
w                        6
x                        6
y                        6
z                        6
bash-3.2$ ./EX5
CHARACTER               OCCURRENCES
a#nld isra>#nld ftem
sn aepc t;itmi(

 ftemisra; ca etr
 n ,; cu <"HRCE"
 otwdh2)
 ot< OCRECS <ed; isra.pn"x.p"; fr(etr=''   ;lte ='' etr+
  
   ot< etr
   hl(isra.o()	 
 cu <(hrisra.e(;  	 flte =(hrisra.e()	  +;	
   otwdh2)
   ot<  <ed;  }

                        7
b                        7
c                        7
d                        7
e                        7
f                        7
g                        7
h                        7
i                        7
j                        7
k                        7
l                        7
m                        7
n                        7
o                        7
p                        7
q                        7
r                        7
s                        7
t                        7
u                        7
v                        7
w                        7
x                        7
y                        7
z                        7
bash-3.2$ ./ex5
CHARACTER               OCCURRENCES
a#include <iostream>
#include <fstream>
using namespace std;
int main()
{
  ifstream instream;
  char letter;
  int i,j;
  cout << "CHARACTER";
  cout.width(26);
  cout << "OCCURRENCES" << endl;
  instream.open("ex5.cpp");
  for (letter = 'a', i = 0; letter <= 'z'; letter++)
    {
      cout << letter;
      while(!instream.eof())
	{  
	  cout << (char)instream.get();    
	  //  if(letter == (char)instream.get())
	  //  i++;
	}
      cout.width(25);
      cout << i << endl;
    }

}
ÿ                        0
b                        0
c                        0
d                        0
e                        0
f                        0
g                        0
h                        0
i                        0
j                        0
k                        0
l                        0
m                        0
n                        0
o                        0
p                        0
q                        0
r                        0
s                        0
t                        0
u                        0
v                        0
w                        0
x                        0
y                        0
z                        0
bash-3.2$ ./ex5
CHARACTER               OCCURRENCES
a                       16
b                       16
c                       16
d                       16
e                       16
f                       16
g                       16
h                       16
i                       16
j                       16
k                       16
l                       16
m                       16
n                       16
o                       16
p                       16
q                       16
r                       16
s                       16
t                       16
u                       16
v                       16
w                       16
x                       16
y                       16
z                       16
bash-3.2$ ./ex5
CHARACTER               OCCURRENCES
a                       16
b                       16
c                       16
d                       16
e                       16
f                       16
g                       16
h                       16
i                       16
j                       16
k                       16
l                       16
m                       16
n                       16
o                       16
p                       16
q                       16
r                       16
s                       16
t                       16
u                       16
v                       16
w                       16
x                       16
y                       16
z                       16
bash-3.2$ ./ex5
CHARACTER               OCCURRENCES
a                       16
b                        0
c                        0
d                        0
e                        0
f                        0
g                        0
h                        0
i                        0
j                        0
k                        0
l                        0
m                        0
n                        0
o                        0
p                        0
q                        0
r                        0
s                        0
t                        0
u                        0
v                        0
w                        0
x                        0
y                        0
z                        0
bash-3.2$ k                        0
bash-3.2$ bash: k: command not found
bash-3.2$ ./ex5
CHARACTER               OCCURRENCES
a                       16
b                        0
c                        0
d                        0
e                        0
f                        0
g                        0
h                        0
i                        0
j                        0
k                        0
l                        0
m                        0
n                        0
o                        0
p                        0
q                        0
r                        0
s                        0
t                        0
u                        0
v                        0
w                        0
x                        0
y                        0
z                        0
bash-3.2$ ./ex5
CHARACTER               OCCURRENCES
a                       17
b                        0
c                       16
d                        7
e                       34
f                        5
g                        3
h                        7
i                       22
j                        1
k                        0
l                       12
m                       11
n                       16
o                       12
p                        4
q                        0
r                       20
s                       13
t                       35
u                       10
v                        0
w                        3
x                        1
y                        0
z                        1
bash-3.2$ ./ex5
CHARACTER               OCCURRENCES
a                       17
b                        6
c                       16
d                        7
e                       34
f                        5
g                        3
h                        7
i                       22
j                        1
k                        0
l                       12
m                       11
n                       16
o                       12
p                        4
q                        0
r                       20
s                       13
t                       35
u                       10
v                        0
w                        3
x                        1
y                        0
z                        1
bash-3.2$ 